
===========================================================================
 report_power
============================================================================
======================= Fastest Corner ===================================

Group                  Internal  Switching    Leakage      Total
                          Power      Power      Power      Power (Watts)
----------------------------------------------------------------
Sequential             7.63e-05   3.49e-06   2.58e-10   7.98e-05  45.4%
Combinational          5.27e-06   7.65e-06   8.31e-10   1.29e-05   7.4%
Clock                  5.92e-05   2.38e-05   4.45e-09   8.30e-05  47.2%
Macro                  0.00e+00   0.00e+00   0.00e+00   0.00e+00   0.0%
Pad                    0.00e+00   0.00e+00   0.00e+00   0.00e+00   0.0%
----------------------------------------------------------------
Total                  1.41e-04   3.49e-05   5.54e-09   1.76e-04 100.0%
                          80.1%      19.9%       0.0%

======================= Slowest Corner ===================================

Group                  Internal  Switching    Leakage      Total
                          Power      Power      Power      Power (Watts)
----------------------------------------------------------------
Sequential             5.12e-05   2.29e-06   2.25e-07   5.38e-05  44.8%
Combinational          3.83e-06   5.10e-06   3.53e-07   9.29e-06   7.7%
Clock                  4.19e-05   1.51e-05   6.13e-08   5.71e-05  47.5%
Macro                  0.00e+00   0.00e+00   0.00e+00   0.00e+00   0.0%
Pad                    0.00e+00   0.00e+00   0.00e+00   0.00e+00   0.0%
----------------------------------------------------------------
Total                  9.70e-05   2.25e-05   6.39e-07   1.20e-04 100.0%
                          80.8%      18.7%       0.5%

======================= Typical Corner ===================================

Group                  Internal  Switching    Leakage      Total
                          Power      Power      Power      Power (Watts)
----------------------------------------------------------------
Sequential             6.57e-05   2.93e-06   1.31e-10   6.86e-05  45.3%
Combinational          4.76e-06   6.48e-06   3.11e-10   1.12e-05   7.4%
Clock                  5.17e-05   1.99e-05   4.30e-09   7.16e-05  47.3%
Macro                  0.00e+00   0.00e+00   0.00e+00   0.00e+00   0.0%
Pad                    0.00e+00   0.00e+00   0.00e+00   0.00e+00   0.0%
----------------------------------------------------------------
Total                  1.22e-04   2.93e-05   4.74e-09   1.51e-04 100.0%
                          80.7%      19.3%       0.0%

