
===========================================================================
 report_power
============================================================================
======================= Fastest Corner ===================================

Group                  Internal  Switching    Leakage      Total
                          Power      Power      Power      Power (Watts)
----------------------------------------------------------------
Sequential             7.63e-05   3.69e-06   2.58e-10   8.00e-05  45.3%
Combinational          5.28e-06   7.79e-06   8.31e-10   1.31e-05   7.4%
Clock                  5.93e-05   2.44e-05   4.45e-09   8.37e-05  47.3%
Macro                  0.00e+00   0.00e+00   0.00e+00   0.00e+00   0.0%
Pad                    0.00e+00   0.00e+00   0.00e+00   0.00e+00   0.0%
----------------------------------------------------------------
Total                  1.41e-04   3.59e-05   5.54e-09   1.77e-04 100.0%
                          79.7%      20.3%       0.0%

======================= Slowest Corner ===================================

Group                  Internal  Switching    Leakage      Total
                          Power      Power      Power      Power (Watts)
----------------------------------------------------------------
Sequential             5.12e-05   2.43e-06   2.25e-07   5.39e-05  44.6%
Combinational          3.83e-06   5.20e-06   3.53e-07   9.38e-06   7.8%
Clock                  4.20e-05   1.55e-05   6.13e-08   5.75e-05  47.6%
Macro                  0.00e+00   0.00e+00   0.00e+00   0.00e+00   0.0%
Pad                    0.00e+00   0.00e+00   0.00e+00   0.00e+00   0.0%
----------------------------------------------------------------
Total                  9.70e-05   2.31e-05   6.39e-07   1.21e-04 100.0%
                          80.3%      19.1%       0.5%

======================= Typical Corner ===================================

Group                  Internal  Switching    Leakage      Total
                          Power      Power      Power      Power (Watts)
----------------------------------------------------------------
Sequential             6.57e-05   3.10e-06   1.31e-10   6.88e-05  45.2%
Combinational          4.76e-06   6.60e-06   3.11e-10   1.14e-05   7.5%
Clock                  5.18e-05   2.04e-05   4.30e-09   7.22e-05  47.4%
Macro                  0.00e+00   0.00e+00   0.00e+00   0.00e+00   0.0%
Pad                    0.00e+00   0.00e+00   0.00e+00   0.00e+00   0.0%
----------------------------------------------------------------
Total                  1.22e-04   3.01e-05   4.74e-09   1.52e-04 100.0%
                          80.2%      19.8%       0.0%

